// Jest Snapshot v1, https://goo.gl/fbAQLP

exports[`Signup Component should render the Signup Component 1`] = `"<div class=\\"FormWrapper\\"><form action=\\"#\\"><input type=\\"text\\" name=\\"firstname\\" value=\\"\\"/><input type=\\"text\\" name=\\"lastname\\" value=\\"\\"/><select name=\\"\\" id=\\"\\"><option value=\\"Fatherhood\\">Fatherhood - 18:00:00</option><option value=\\"Spiderman\\">Spiderman - 18:00:00</option><option value=\\"Lacasa De Papel 5\\">Lacasa De Papel 5 - 20:00:00</option></select></form></div>"`;
